// Jest Snapshot v1, https://goo.gl/fbAQLP

exports[`BodyBase snapshot 1`] = `
<div
  className="progress-bar"
>
  <li
    className="active"
  >
    <span />
  </li>
  <li
    className="disabled"
  >
    <span />
  </li>
  <li
    className="disabled"
  >
    <span />
  </li>
  <li
    className="disabled"
  >
    <span />
  </li>
  <li
    className="disabled"
  >
    <span />
  </li>
  <li
    className="disabled"
  >
    <span />
  </li>
</div>
`;

exports[`ProgressBar snapshot 1`] = `
<div
  className="progress-bar"
>
  <li
    className="active"
  >
    <span />
  </li>
  <li
    className="disabled"
  >
    <span />
  </li>
  <li
    className="disabled"
  >
    <span />
  </li>
  <li
    className="disabled"
  >
    <span />
  </li>
  <li
    className="disabled"
  >
    <span />
  </li>
  <li
    className="disabled"
  >
    <span />
  </li>
</div>
`;
